// Jest Snapshot v1, https://goo.gl/fbAQLP

exports[`ArticleList tests renders correctly 1`] = `
<div>
  <article
    class="container"
  >
    <ul
      class="list"
    >
      <li>
        <article
          class="box"
        >
          <div
            class="imgBox"
          >
            <img
              alt="a"
              class="img"
              src="https://cdn.cnn.com/cnnnext/dam/assets/181122102925-statue-of-liberty-crown-super-169.jpg"
            />
          </div>
          <h1
            class="header"
          >
            a
          </h1>
          <div>
            <button
              class="button"
            >
              Show more
            </button>
          </div>
        </article>
      </li>
    </ul>
  </article>
</div>
`;
